error: cannot pull with rebase: You have unstaged changes.
error: Please commit or stash them.
REFUSED: 2026-09-03 already registered — one entry per session
Track D: scored 0 legs this run; 6 legs over 3 entry days
  horizon    mean%   win     (both legs pooled — direction-free read)
  +5m          -3.9  2/6
  +10m         -3.8  2/6
  +15m         -1.7  2/6
  +20m         -6.4  1/6
  +30m         +3.4  2/6
  settle      -39.0  1/6
  NOT READABLE: 3/30 entry days. Twelve numbers per session are ONE observation; n_days is the only n.
REGISTERED 2026-09-04: naked 773C @1.21 + naked 773P @1.50 (spot 772.71, first snapshot 2026-09-04 09:48:32) — one entry day, ladder scores at +5/10/15/20/30min and settle
Track D: scored 0 legs this run; 8 legs over 4 entry days
  horizon    mean%   win     (both legs pooled — direction-free read)
  +5m          -2.5  3/8
  +10m         -1.8  3/8
  +15m         -0.4  3/8
  +20m         -4.5  2/8
  +30m         +0.9  2/8
  settle      -11.0  2/8
  NOT READABLE: 4/30 entry days. Twelve numbers per session are ONE observation; n_days is the only n.
MARKET: CLOSED 2026-09-07 (Labor Day) — no session; write no rows dated today; next session 2026-09-08
zero_dte_ladder.py: skipped — no session today.
REGISTERED 2026-09-08: naked 770C @1.02 + naked 770P @1.43 (spot 769.61, first snapshot 2026-09-08 09:45:33) — one entry day, ladder scores at +5/10/15/20/30min and settle
Track D: scored 0 legs this run; 10 legs over 5 entry days
  horizon    mean%   win     (both legs pooled — direction-free read)
  +5m          -3.6  4/10
  +10m         -3.4  4/10
  +15m         -2.8  3/10
  +20m         -6.7  3/10
  +30m         -3.3  3/10
  settle       -7.3  3/10
  NOT READABLE: 5/30 entry days. Twelve numbers per session are ONE observation; n_days is the only n.
REGISTERED 2026-09-09: naked 764C @1.24 + naked 764P @1.41 (spot 763.79, first snapshot 2026-09-09 09:47:52) — one entry day, ladder scores at +5/10/15/20/30min and settle
Track D: scored 0 legs this run; 12 legs over 6 entry days
  horizon    mean%   win     (both legs pooled — direction-free read)
  +5m          -4.4  5/12
  +10m         -3.0  5/12
  +15m         -1.2  4/12
  +20m         -4.1  4/12
  +30m         -1.5  4/12
  settle       -2.3  4/12
  NOT READABLE: 6/30 entry days. Twelve numbers per session are ONE observation; n_days is the only n.
REGISTERED 2026-09-10: naked 757C @1.51 + naked 757P @1.47 (spot 757.00, first snapshot 2026-09-10 09:46:37) — one entry day, ladder scores at +5/10/15/20/30min and settle
Track D: scored 0 legs this run; 14 legs over 7 entry days
  horizon    mean%   win     (both legs pooled — direction-free read)
  +5m          -4.5  5/14
  +10m         -3.8  5/14
  +15m         -2.4  4/14
  +20m         -5.3  5/14
  +30m         -3.6  4/14
  settle      -10.4  4/14
  NOT READABLE: 7/30 entry days. Twelve numbers per session are ONE observation; n_days is the only n.
To https://github.com/jarvisss007/zero-dte-lab.git
 ! [rejected]        main -> main (non-fast-forward)
error: failed to push some refs to 'https://github.com/jarvisss007/zero-dte-lab.git'
hint: Updates were rejected because the tip of your current branch is behind
hint: its remote counterpart. If you want to integrate the remote changes,
hint: use 'git pull' before pushing again.
hint: See the 'Note about fast-forwards' in 'git push --help' for details.
REGISTERED 2026-09-11: naked 765C @1.41 + naked 765P @1.72 (spot 764.70, first snapshot 2026-09-11 09:47:21) — one entry day, ladder scores at +5/10/15/20/30min and settle
Track D: scored 0 legs this run; 16 legs over 8 entry days
  horizon    mean%   win     (both legs pooled — direction-free read)
  +5m          -4.3  6/16
  +10m         -3.7  6/16
  +15m         -2.5  5/16
  +20m         -5.1  6/16
  +30m         -3.6  5/16
  settle      -18.1  4/16
  NOT READABLE: 8/30 entry days. Twelve numbers per session are ONE observation; n_days is the only n.
To https://github.com/jarvisss007/zero-dte-lab.git
 ! [rejected]        main -> main (non-fast-forward)
error: failed to push some refs to 'https://github.com/jarvisss007/zero-dte-lab.git'
hint: Updates were rejected because the tip of your current branch is behind
hint: its remote counterpart. If you want to integrate the remote changes,
hint: use 'git pull' before pushing again.
hint: See the 'Note about fast-forwards' in 'git push --help' for details.
REGISTERED 2026-09-14: naked 759C @1.33 + naked 759P @1.37 (spot 758.92, first snapshot 2026-09-14 09:48:35) — one entry day, ladder scores at +5/10/15/20/30min and settle
Track D: scored 0 legs this run; 18 legs over 9 entry days
  horizon    mean%   win     (both legs pooled — direction-free read)
  +5m          -3.4  7/18
  +10m         -3.3  7/18
  +15m         -2.5  6/18
  +20m         -5.4  7/18
  +30m         -4.1  6/18
  settle      -27.1  5/18
  NOT READABLE: 9/30 entry days. Twelve numbers per session are ONE observation; n_days is the only n.
REGISTERED 2026-09-15: naked 759C @1.38 + naked 759P @1.20 (spot 759.14, first snapshot 2026-09-15 09:50:44) — one entry day, ladder scores at +5/10/15/20/30min and settle
Track D: scored 0 legs this run; 20 legs over 10 entry days
  horizon    mean%   win     (both legs pooled — direction-free read)
  +5m          -3.7  8/20
  +10m         -3.9  8/20
  +15m         -2.3  7/20
  +20m         -4.7  8/20
  +30m         -3.8  7/20
  settle      -27.3  6/20
  NOT READABLE: 10/30 entry days. Twelve numbers per session are ONE observation; n_days is the only n.
REGISTERED 2026-09-16: naked 760C @2.29 + naked 760P @2.76 (spot 759.59, first snapshot 2026-09-16 09:47:49) — one entry day, ladder scores at +5/10/15/20/30min and settle
Track D: scored 0 legs this run; 22 legs over 11 entry days
  horizon    mean%   win     (both legs pooled — direction-free read)
  +5m          -3.5  9/22
  +10m         -3.6  9/22
  +15m         -2.7  8/22
  +20m         -5.1  9/22
  +30m         -4.7  7/22
  settle      -27.8  7/22
  NOT READABLE: 11/30 entry days. Twelve numbers per session are ONE observation; n_days is the only n.
REGISTERED 2026-09-17: naked 762C @1.41 + naked 762P @1.41 (spot 762.01, first snapshot 2026-09-17 09:49:51) — one entry day, ladder scores at +5/10/15/20/30min and settle
Track D: scored 0 legs this run; 24 legs over 12 entry days
  horizon    mean%   win     (both legs pooled — direction-free read)
  +5m          -4.0  9/24
  +10m         -4.1  10/24
  +15m         -3.3  8/24
  +20m         -5.5  10/24
  +30m         -5.2  7/24
  settle      -24.9  8/24
  NOT READABLE: 12/30 entry days. Twelve numbers per session are ONE observation; n_days is the only n.
REGISTERED 2026-09-18: naked 761C @1.49 + naked 761P @1.17 (spot 761.34, first snapshot 2026-09-18 09:49:55) — one entry day, ladder scores at +5/10/15/20/30min and settle
Track D: scored 0 legs this run; 26 legs over 13 entry days
  horizon    mean%   win     (both legs pooled — direction-free read)
  +5m          -3.7  10/26
  +10m         -4.0  11/26
  +15m         -3.3  9/26
  +20m         -5.7  11/26
  +30m         -5.0  8/26
  settle      -29.0  8/26
  NOT READABLE: 13/30 entry days. Twelve numbers per session are ONE observation; n_days is the only n.
REGISTERED 2026-09-21: naked 766C @1.02 + naked 766P @0.88 (spot 766.21, first snapshot 2026-09-21 09:49:11) — one entry day, ladder scores at +5/10/15/20/30min and settle
Track D: scored 0 legs this run; 28 legs over 14 entry days
  horizon    mean%   win     (both legs pooled — direction-free read)
  +5m          -3.6  11/28
  +10m         -4.1  12/28
  +15m         -3.9  10/28
  +20m         -6.0  12/28
  +30m         -3.4  9/28
  settle      -32.4  8/28
  NOT READABLE: 14/30 entry days. Twelve numbers per session are ONE observation; n_days is the only n.
REGISTERED 2026-09-22: naked 775C @1.10 + naked 775P @1.34 (spot 774.78, first snapshot 2026-09-22 09:51:09) — one entry day, ladder scores at +5/10/15/20/30min and settle
Track D: scored 0 legs this run; 30 legs over 15 entry days
  horizon    mean%   win     (both legs pooled — direction-free read)
  +5m          -3.5  12/30
  +10m         -4.5  13/30
  +15m         -3.7  11/30
  +20m         -5.2  13/30
  +30m         -2.5  10/30
  settle      -12.4  9/30
  NOT READABLE: 15/30 entry days. Twelve numbers per session are ONE observation; n_days is the only n.
REFUSED: no chain file for 2026-09-23
Track D: scored 0 legs this run; 32 legs over 16 entry days
  horizon    mean%   win     (both legs pooled — direction-free read)
  +5m          -3.4  12/32
  +10m         -4.5  14/32
  +15m         -3.9  12/32
  +20m         -5.5  14/32
  +30m         -3.1  11/32
  settle      -14.1  10/32
  NOT READABLE: 16/30 entry days. Twelve numbers per session are ONE observation; n_days is the only n.
