REFUSED: 2026-09-03 already has a Track C row — one per session, a second would cluster the sample
Track C: scored 0 this run; 3/4 sessions closed
  n=3 sessions (rows ARE independent days) win 0/3 mean -44.3% median -58.0% mean $ -1.26/straddle
  NOT READABLE: 3/30 sessions. The lab's retrospective figure is -$43.10 at t=-2.65; this book cannot confirm or contradict it yet.
REGISTERED TC-SPY-20260904: BUY 773C @1.21 / BUY 773P @1.50 · debit 2.71 (mid 2.7) · needs 0.35% by the close · first snapshot 2026-09-04 09:48:32 · book 5 rows
Track C: scored 0 this run; 4/5 sessions closed
  n=4 sessions (rows ARE independent days) win 1/4 mean -8.2% median -31.8% mean $ -0.29/straddle
  NOT READABLE: 4/30 sessions. The lab's retrospective figure is -$43.10 at t=-2.65; this book cannot confirm or contradict it yet.
MARKET: CLOSED 2026-09-07 (Labor Day) — no session; write no rows dated today; next session 2026-09-08
zero_dte_daily.py: skipped — no session today.
REGISTERED TC-SPY-20260908: BUY 770C @1.02 / BUY 770P @1.43 · debit 2.45 (mid 2.43) · needs 0.32% by the close · first snapshot 2026-09-08 09:45:33 · book 6 rows
Track C: scored 0 this run; 5/6 sessions closed
  n=5 sessions (rows ARE independent days) win 2/5 mean -2.8% median -5.5% mean $ -0.13/straddle
  NOT READABLE: 5/30 sessions. The lab's retrospective figure is -$43.10 at t=-2.65; this book cannot confirm or contradict it yet.
REGISTERED TC-SPY-20260909: BUY 764C @1.24 / BUY 764P @1.41 · debit 2.65 (mid 2.63) · needs 0.35% by the close · first snapshot 2026-09-09 09:47:52 · book 7 rows
Track C: scored 0 this run; 6/7 sessions closed
  n=6 sessions (rows ARE independent days) win 3/6 mean +4.9% median +6.7% mean $ +0.07/straddle
  NOT READABLE: 6/30 sessions. The lab's retrospective figure is -$43.10 at t=-2.65; this book cannot confirm or contradict it yet.
REFUSED: no chain file for 2026-09-10 — the recorder did not run
Track C: scored 0 this run; 7/7 sessions closed
  n=7 sessions (rows ARE independent days) win 3/7 mean -3.9% median -5.5% mean $ -0.15/straddle
  NOT READABLE: 7/30 sessions. The lab's retrospective figure is -$43.10 at t=-2.65; this book cannot confirm or contradict it yet.
To https://github.com/jarvisss007/zero-dte-lab.git
 ! [rejected]        main -> main (non-fast-forward)
error: failed to push some refs to 'https://github.com/jarvisss007/zero-dte-lab.git'
hint: Updates were rejected because the tip of your current branch is behind
hint: its remote counterpart. If you want to integrate the remote changes,
hint: use 'git pull' before pushing again.
hint: See the 'Note about fast-forwards' in 'git push --help' for details.
REGISTERED TC-SPY-20260911: BUY 765C @1.41 / BUY 765P @1.72 · debit 3.13 (mid 3.12) · needs 0.41% by the close · first snapshot 2026-09-11 09:47:21 · book 8 rows
Track C: scored 0 this run; 7/8 sessions closed
  n=7 sessions (rows ARE independent days) win 3/7 mean -3.9% median -5.5% mean $ -0.15/straddle
  NOT READABLE: 7/30 sessions. The lab's retrospective figure is -$43.10 at t=-2.65; this book cannot confirm or contradict it yet.
To https://github.com/jarvisss007/zero-dte-lab.git
 ! [rejected]        main -> main (non-fast-forward)
error: failed to push some refs to 'https://github.com/jarvisss007/zero-dte-lab.git'
hint: Updates were rejected because the tip of your current branch is behind
hint: its remote counterpart. If you want to integrate the remote changes,
hint: use 'git pull' before pushing again.
hint: See the 'Note about fast-forwards' in 'git push --help' for details.
REGISTERED TC-SPY-20260914: BUY 759C @1.33 / BUY 759P @1.37 · debit 2.7 (mid 2.69) · needs 0.36% by the close · first snapshot 2026-09-14 09:48:35 · book 10 rows
Track C: scored 0 this run; 8/10 sessions closed
  n=8 sessions (rows ARE independent days) win 3/8 mean -15.1% median -27.1% mean $ -0.50/straddle
  NOT READABLE: 8/30 sessions. The lab's retrospective figure is -$43.10 at t=-2.65; this book cannot confirm or contradict it yet.
REGISTERED TC-SPY-20260915: BUY 759C @1.38 / BUY 759P @1.20 · debit 2.58 (mid 2.57) · needs 0.34% by the close · first snapshot 2026-09-15 09:50:44 · book 11 rows
Track C: scored 0 this run; 9/11 sessions closed
  n=9 sessions (rows ARE independent days) win 3/9 mean -16.8% median -30.4% mean $ -0.54/straddle
  NOT READABLE: 9/30 sessions. The lab's retrospective figure is -$43.10 at t=-2.65; this book cannot confirm or contradict it yet.
REGISTERED TC-SPY-20260916: BUY 760C @2.29 / BUY 760P @2.76 · debit 5.05 (mid 5.04) · needs 0.67% by the close · first snapshot 2026-09-16 09:47:49 · book 12 rows
Track C: scored 0 this run; 10/12 sessions closed
  n=10 sessions (rows ARE independent days) win 3/10 mean -18.9% median -34.0% mean $ -0.58/straddle
  NOT READABLE: 10/30 sessions. The lab's retrospective figure is -$43.10 at t=-2.65; this book cannot confirm or contradict it yet.
REGISTERED TC-SPY-20260917: BUY 762C @1.41 / BUY 762P @1.41 · debit 2.82 (mid 2.81) · needs 0.37% by the close · first snapshot 2026-09-17 09:49:51 · book 13 rows
Track C: scored 0 this run; 11/13 sessions closed
  n=11 sessions (rows ARE independent days) win 4/11 mean -15.5% median -30.4% mean $ -0.45/straddle
  NOT READABLE: 11/30 sessions. The lab's retrospective figure is -$43.10 at t=-2.65; this book cannot confirm or contradict it yet.
REGISTERED TC-SPY-20260918: BUY 761C @1.49 / BUY 761P @1.17 · debit 2.66 (mid 2.65) · needs 0.35% by the close · first snapshot 2026-09-18 09:49:55 · book 14 rows
Track C: scored 0 this run; 12/14 sessions closed
  n=12 sessions (rows ARE independent days) win 4/12 mean -20.8% median -34.0% mean $ -0.59/straddle
  NOT READABLE: 12/30 sessions. The lab's retrospective figure is -$43.10 at t=-2.65; this book cannot confirm or contradict it yet.
REGISTERED TC-SPY-20260921: BUY 766C @1.02 / BUY 766P @0.88 · debit 1.9 (mid 1.89) · needs 0.25% by the close · first snapshot 2026-09-21 09:49:11 · book 15 rows
Track C: scored 0 this run; 13/15 sessions closed
  n=13 sessions (rows ARE independent days) win 4/13 mean -24.9% median -37.6% mean $ -0.70/straddle
  NOT READABLE: 13/30 sessions. The lab's retrospective figure is -$43.10 at t=-2.65; this book cannot confirm or contradict it yet.
REGISTERED TC-SPY-20260922: BUY 775C @1.10 / BUY 775P @1.34 · debit 2.44 (mid 2.43) · needs 0.32% by the close · first snapshot 2026-09-22 09:51:09 · book 16 rows
Track C: scored 0 this run; 14/16 sessions closed
  n=14 sessions (rows ARE independent days) win 5/14 mean -2.1% median -34.0% mean $ -0.25/straddle
  NOT READABLE: 14/30 sessions. The lab's retrospective figure is -$43.10 at t=-2.65; this book cannot confirm or contradict it yet.
REFUSED: no chain file for 2026-09-23 — the recorder did not run
Track C: scored 0 this run; 15/16 sessions closed
  n=15 sessions (rows ARE independent days) win 5/15 mean -4.2% median -33.6% mean $ -0.29/straddle
  NOT READABLE: 15/30 sessions. The lab's retrospective figure is -$43.10 at t=-2.65; this book cannot confirm or contradict it yet.
error: RPC failed; curl 56 Recv failure: Operation timed out
send-pack: unexpected disconnect while reading sideband packet
fatal: the remote end hung up unexpectedly
REFUSED: no chain file for 2026-09-24 — the recorder did not run
Track C: scored 0 this run; 15/16 sessions closed
  n=15 sessions (rows ARE independent days) win 5/15 mean -4.2% median -33.6% mean $ -0.29/straddle
  NOT READABLE: 15/30 sessions. The lab's retrospective figure is -$43.10 at t=-2.65; this book cannot confirm or contradict it yet.
REGISTERED TC-SPY-20260925: BUY 768C @1.30 / BUY 768P @1.31 · debit 2.61 (mid 2.6) · needs 0.34% by the close · first snapshot 2026-09-25 09:48:32 · book 17 rows
Track C: scored 0 this run; 15/17 sessions closed
  n=15 sessions (rows ARE independent days) win 5/15 mean -4.2% median -33.6% mean $ -0.29/straddle
  NOT READABLE: 15/30 sessions. The lab's retrospective figure is -$43.10 at t=-2.65; this book cannot confirm or contradict it yet.
REGISTERED TC-SPY-20260928: BUY 768C @1.71 / BUY 768P @1.26 · debit 2.97 (mid 2.96) · needs 0.39% by the close · first snapshot 2026-09-28 09:52:00 · book 18 rows
Track C: scored 0 this run; 16/18 sessions closed
  n=16 sessions (rows ARE independent days) win 6/16 mean -2.1% median -32.0% mean $ -0.22/straddle
  NOT READABLE: 16/30 sessions. The lab's retrospective figure is -$43.10 at t=-2.65; this book cannot confirm or contradict it yet.
REGISTERED TC-SPY-20260929: BUY 766C @1.35 / BUY 766P @1.69 · debit 3.04 (mid 3.03) · needs 0.40% by the close · first snapshot 2026-09-29 09:53:19 · book 19 rows
Track C: scored 0 this run; 17/19 sessions closed
  n=17 sessions (rows ARE independent days) win 6/17 mean -3.2% median -30.4% mean $ -0.24/straddle
  NOT READABLE: 17/30 sessions. The lab's retrospective figure is -$43.10 at t=-2.65; this book cannot confirm or contradict it yet.
REGISTERED TC-SPY-20260930: BUY 766C @1.84 / BUY 766P @1.45 · debit 3.29 (mid 3.28) · needs 0.43% by the close · first snapshot 2026-09-30 09:50:00 · book 20 rows
Track C: scored 0 this run; 18/20 sessions closed
  n=18 sessions (rows ARE independent days) win 6/18 mean -5.2% median -32.0% mean $ -0.30/straddle
  NOT READABLE: 18/30 sessions. The lab's retrospective figure is -$43.10 at t=-2.65; this book cannot confirm or contradict it yet.
REGISTERED TC-SPY-20261001: BUY 765C @1.59 / BUY 765P @1.92 · debit 3.51 (mid 3.5) · needs 0.46% by the close · first snapshot 2026-10-01 09:55:49 · book 21 rows
Track C: scored 0 this run; 19/21 sessions closed
  n=19 sessions (rows ARE independent days) win 7/19 mean -4.8% median -30.4% mean $ -0.28/straddle
  NOT READABLE: 19/30 sessions. The lab's retrospective figure is -$43.10 at t=-2.65; this book cannot confirm or contradict it yet.
REFUSED: no chain file for 2026-10-02 — the recorder did not run
Track C: scored 0 this run; 20/21 sessions closed
  n=20 sessions (rows ARE independent days) win 7/20 mean -8.2% median -32.0% mean $ -0.39/straddle
  NOT READABLE: 20/30 sessions. The lab's retrospective figure is -$43.10 at t=-2.65; this book cannot confirm or contradict it yet.
REGISTERED TC-SPY-20261005: BUY 771C @1.18 / BUY 771P @1.69 · debit 2.87 (mid 2.86) · needs 0.37% by the close · first snapshot 2026-10-05 09:49:11 · book 22 rows
Track C: scored 0 this run; 20/22 sessions closed
  n=20 sessions (rows ARE independent days) win 7/20 mean -8.2% median -32.0% mean $ -0.39/straddle
  NOT READABLE: 20/30 sessions. The lab's retrospective figure is -$43.10 at t=-2.65; this book cannot confirm or contradict it yet.
REGISTERED TC-SPY-20261006: BUY 778C @1.33 / BUY 778P @1.21 · debit 2.54 (mid 2.53) · needs 0.33% by the close · first snapshot 2026-10-06 09:45:57 · book 23 rows
Track C: scored 0 this run; 21/23 sessions closed
  n=21 sessions (rows ARE independent days) win 8/21 mean -6.2% median -30.4% mean $ -0.33/straddle
  NOT READABLE: 21/30 sessions. The lab's retrospective figure is -$43.10 at t=-2.65; this book cannot confirm or contradict it yet.
